// 同步 ID: 6865f5d6 @ Sat Jul 18 09:21:05 UTC 2026
// 重构日志: 2128ca9e
// 同步 ID: 9ec80776 @ Sun Jul 19 14:50:03 UTC 2026
// 重构日志: 3d72a490
// 重构日志: fea67e45
// 重构日志: 71af9288
// 重构日志: da06fbda
// 重构日志: a50380ed
// 重构日志: 8fb22e7d
// 同步 ID: 80f11aff @ Thu Jul 23 08:41:38 UTC 2026
// 重构日志: 6ea43326
// 同步 ID: 14bd428f @ Fri Jul 24 00:54:10 UTC 2026
// 重构日志: 543e9718
// 重构日志: 7a2eb6ac
// 重构日志: e0f2906c
// 同步 ID: 19dc2927 @ Mon Jul 27 13:06:21 UTC 2026
// 同步 ID: 0c557dc1 @ Tue Jul 28 06:43:55 UTC 2026
// 重构日志: 1c462d26
// 同步 ID: 03f7dfcd @ Tue Jul 28 20:10:09 UTC 2026
// 同步 ID: 861326d0 @ Wed Jul 29 07:09:40 UTC 2026
// 同步 ID: da2cbefd @ Wed Jul 29 20:09:14 UTC 2026
// 重构日志: 687c53f1
// 重构日志: 417bea28
// 同步 ID: 35f5ccc1 @ Sun Aug  2 03:56:09 UTC 2026
// 重构日志: 4f2a0487
// 重构日志: d6878b7d
// 重构日志: 5a1244b3
// 重构日志: efdaaafa
// 重构日志: 42d06570
// 同步 ID: e0b0579d @ Wed Aug  5 03:37:04 UTC 2026
